
dilra@DJs_Strix MINGW64 ~/Desktop/School Work/Full Stack Stuff/Javascript Frameworks/comp3330-expensetracker (Lab2)
$ curl -i -X PUT http://localhost:3000/api/expenses/1 \
  -H 'Content-Type: application/json' \
  -d '{"title":"Groceries (weekly)","amount":40}'
HTTP/1.1 200 OK
Content-Type: application/json
X-Response-Time: 3ms
Date: Fri, 12 Sep 2025 20:48:26 GMT
Content-Length: 70

{"data":{"expense":{"id":1,"title":"Groceries (weekly)","amount":40}}}
dilra@DJs_Strix MINGW64 ~/Desktop/School Work/Full Stack Stuff/Javascript Frameworks/comp3330-expensetracker (Lab2)
$ curl -i -X PATCH http://localhost:3000/api/expenses/1 \
  -H 'Content-Type: application/json' \
  -d '{"title":"Coffee beans"}'
HTTP/1.1 200 OK
Content-Type: application/json
X-Response-Time: 1ms
Date: Fri, 12 Sep 2025 20:48:30 GMT
Content-Length: 64

{"data":{"expense":{"id":1,"title":"Coffee beans","amount":99}}}
dilra@DJs_Strix MINGW64 ~/Desktop/School Work/Full Stack Stuff/Javascript Frameworks/comp3330-expensetracker (Lab2)
$ curl -i -X PATCH http://localhost:3000/api/expenses/1 \
  -H 'Content-Type: application/json' \
  -d '{}'
HTTP/1.1 200 OK
Content-Type: application/json
X-Response-Time: 1ms
Date: Fri, 12 Sep 2025 20:48:42 GMT
Content-Length: 64

{"data":{"expense":{"id":1,"title":"Coffee beans","amount":99}}}
dilra@DJs_Strix MINGW64 ~/Desktop/School Work/Full Stack Stuff/Javascript Frameworks/comp3330-expensetracker (Lab2)
$ curl -i -X PATCH http://localhost:3000/api/expenses/1   -H 'Content-Type: application/json'   -d '{}'
racker (Lab2)
$ curl -i -X PUT http://localhost:3000/api/expenses/999 \
  -H 'Content-Type: application/json' \
  -d '{"title":"X","amount":1}'
HTTP/1.1 400 Bad Request
Content-Type: application/json
racker (Lab2)
$ curl -i -X PUT http://localhost:3000/api/expenses/999 \
  -H 'Content-Type: application/json' \
  -d '{"title":"X","amount":1}'
HTTP/1.1 400 Bad Request
Content-Type: application/json
X-Response-Time: 1ms
Date: Fri, 12 Sep 2025 20:53:15 GMT
Content-Length: 292

{"success":false,"error":{"name":"ZodError","message":"[\n  {\n    \"origin\": \"string\",\n    \"code\": \"too_small\",\n    \"minimum\": 3,\n    \"inclusive\": true,\n    \"path\": [\n      \"title\"\n    ],\n    \"message\": \"Too small: expected string to have >=3 characters\"\n  }\n]"}}
dilra@DJs_Strix MINGW64 ~/Desktop/School Work/Full Stack Stuff/Javascript Frameworks/comp3330-expensetracker (Lab2)
$ curl -i -X PUT http://localhost:3000/api/expenses/999   -H 'Content-Type: application/json'   -d '{"title":"X","amount":1}'
HTTP/1.1 400 Bad Request
Content-Type: application/json
X-Response-Time: 0ms
Date: Fri, 12 Sep 2025 20:54:14 GMT
Content-Length: 292

{"success":false,"error":{"name":"ZodError","message":"[\n  {\n    \"origin\": \"string\",\n    \"code\": \"too_small\",\n    \"minimum\": 3,\n    \"inclusive\": true,\n    \"path\": [\n      \"title\"\n    ],\n    \"message\": \"Too small: expected string to have >=3 characters\"\n  }\n]"}}
dilra@DJs_Strix MINGW64 ~/Desktop/School Work/Full Stack Stuff/Javascript Frameworks/comp3330-expensetracker (Lab2)
$ curl -i -X PATCH http://localhost:3000/api/expenses/1   -H 'Content-Type: application/json'   -d '{}'
HTTP/1.1 400 Bad Request
Content-Type: application/json
X-Response-Time: 1ms
Date: Fri, 12 Sep 2025 20:54:36 GMT
Content-Length: 33

{"error":{"message":"Not found"}}